C251 COMPILER V5.60.0,  isr                                                                29/03/26  22:28:10  PAGE 1   


C251 COMPILER V5.60.0, COMPILATION OF MODULE isr
OBJECT MODULE PLACED IN .\out_file\isr.obj
COMPILER INVOKED BY: D:\keil c251\C251\BIN\C251.EXE ..\user\isr.c LARGE FLOAT64 ROM(HUGE) WARNINGLEVEL(3) OPTIMIZE(0,SIZ
                    -E) BROWSE INCDIR(..\..\libraries\zf_common;..\..\libraries\zf_components;..\..\libraries\zf_device;..\..\libraries\zf_dr
                    -iver;..\user;..\code;..\..\libraries\zf_components\stc32g_usb_lib;..\..\libraries\zf_components\seekfree_assistant) DEBU
                    -G PRINT(.\out_file\isr.lst) TABS(2) OBJECT(.\out_file\isr.obj) 

stmt  level    source

    1          /********************************************************************************************************
             -*************
    2           * STC32G144K Opensourec Library 即（STC32G144K 开源库）是一个基于官方 SDK 接口的第三方开源库
    3           * Copyright (c) 2025 SEEKFREE 逐飞科技
    4           *
    5           * 本文件是STC32G144K开源库的一部分
    6           *
    7           * STC32G144K 开源库 是免费软件
    8           * 您可以根据自由软件基金会发布的 GPL（GNU General Public License，即 GNU通用公共许可证）的条款
    9           * 即 GPL 的第3版（即 GPL3.0）或（您选择的）任何后来的版本，重新发布和/或修改它
   10           *
   11           * 本开源库的发布是希望它能发挥作用，但并未对其作任何的保证
   12           * 甚至没有隐含的适销性或适合特定用途的保证
   13           * 更多细节请参见 GPL
   14           *
   15           * 您应该在收到本开源库的同时收到一份 GPL 的副本
   16           * 如果没有，请参阅<https://www.gnu.org/licenses/>
   17           *
   18           * 额外注明：
   19           * 本开源库使用 GPL3.0 开源许可证协议 以上许可申明为译文版本
   20           * 许可申明英文版在 libraries/doc 文件夹下的 GPL3_permission_statement.txt 文件中
   21           * 许可证副本在 libraries 文件夹下 即该文件夹下的 LICENSE 文件
   22           * 欢迎各位使用并传播本程序 但修改内容时必须保留逐飞科技的版权声明（即本声明）
   23           *
   24           * 文件名称
   25           * 公司名称          成都逐飞科技有限公司
   26           * 版本信息          查看 libraries/doc 文件夹内 version 文件 版本说明
   27           * 开发环境          MDK FOR C251
   28           * 适用平台          STC32G144K
   29           * 店铺链接          https://seekfree.taobao.com/
   30           *
   31           * 修改记录
   32           * 日期              作者           备注
   33           * 2025-11-20         大W            first version
   34           ********************************************************************************************************
             -************/
   35          
   36          #include "zf_common_headfile.h"
   37          
   38          #if 0
               // 当前车模工程没有初始化 UART1~UART8 的 DMA 接收中断路径，
               // 先屏蔽这些高号中断，避免 Keil C251 因 interrupt 向量号大于 31 报错。
               // 如果后续改回 UART 调试、蓝牙、无线串口或其它串口外设，再恢复这里即可。
               void DMA_UART1_IRQHandler(void) interrupt DMA_UR1R_VECTOR
               {
                   static vuint8 dwon_count = 0;
               
                   if (DMA_UR1R_STA & 0x01) // 接收完成
                   {
                       DMA_UR1R_STA &= ~0x01;      // 清标志位
                       uart_rx_start_buff(UART_1); // 设置下一次接收，务必保留
               
                       // 程序自动下载
                       if (uart_rx_buff[UART_1][0] == 0x7F)
                       {
                           if (dwon_count++ > 20)
C251 COMPILER V5.60.0,  isr                                                                29/03/26  22:28:10  PAGE 2   

                           {
                               IAP_CONTR = 0x60;
                           }
                       }
                       else
                       {
                           dwon_count = 0;
                       }
               
                       if (uart_rx_handlers[UART_1] != NULL)
                       {
                           uart_rx_handlers[UART_1](uart_rx_buff[UART_1][0]);
                       }
                   }
               
                   if (DMA_UR1R_STA & 0x02) // 数据丢弃
                   {
                       DMA_UR1R_STA &= ~0x02;      // 清标志位
                       uart_rx_start_buff(UART_1); // 设置下一次接收，务必保留
                       // 如果进入了这个中断，则代表UART的数据在没有取走之前被覆盖!
                       // 如果进入了这个中断，则代表UART的数据在没有取走之前被覆盖!
                       // 如果进入了这个中断，则代表UART的数据在没有取走之前被覆盖!
                   }
               }
               
               void DMA_UART2_IRQHandler(void) interrupt DMA_UR2R_VECTOR
               {
                   if (DMA_UR2R_STA & 0x01) // 接收完成
                   {
                       DMA_UR2R_STA &= ~0x01;      // 清标志位
                       uart_rx_start_buff(UART_2); // 设置下一次接收，务必保留
               
                       if (uart_rx_handlers[UART_2] != NULL)
                       {
                           uart_rx_handlers[UART_2](uart_rx_buff[UART_2][0]);
                       }
                   }
               
                   if (DMA_UR2R_STA & 0x02) // 数据丢弃
                   {
                       DMA_UR2R_STA &= ~0x02;      // 清标志位
                       uart_rx_start_buff(UART_2); // 设置下一次接收，务必保留
                       // 如果进入了这个中断，则代表UART的数据在没有取走之前被覆盖!
                       // 如果进入了这个中断，则代表UART的数据在没有取走之前被覆盖!
                       // 如果进入了这个中断，则代表UART的数据在没有取走之前被覆盖!
                   }
               }
               
               void DMA_UART3_IRQHandler(void) interrupt DMA_UR3R_VECTOR
               {
                   if (DMA_UR3R_STA & 0x01) // 接收完成
                   {
                       DMA_UR3R_STA &= ~0x01;      // 清标志位
                       uart_rx_start_buff(UART_3); // 设置下一次接收，务必保留
               
                       if (uart_rx_handlers[UART_3] != NULL)
                       {
                           uart_rx_handlers[UART_3](uart_rx_buff[UART_3][0]);
                       }
                   }
               
                   if (DMA_UR3R_STA & 0x02) // 数据丢弃
                   {
                       DMA_UR3R_STA &= ~0x02;      // 清标志位
                       uart_rx_start_buff(UART_3); // 设置下一次接收，务必保留
                       // 如果进入了这个中断，则代表UART的数据在没有取走之前被覆盖!
C251 COMPILER V5.60.0,  isr                                                                29/03/26  22:28:10  PAGE 3   

                       // 如果进入了这个中断，则代表UART的数据在没有取走之前被覆盖!
                       // 如果进入了这个中断，则代表UART的数据在没有取走之前被覆盖!
                   }
               }
               
               void DMA_UART4_IRQHandler(void) interrupt DMA_UR4R_VECTOR
               {
                   if (DMA_UR4R_STA & 0x01) // 接收完成
                   {
                       DMA_UR4R_STA &= ~0x01;      // 清标志位
                       uart_rx_start_buff(UART_4); // 设置下一次接收，务必保留
               
                       if (uart_rx_handlers[UART_4] != NULL)
                       {
                           uart_rx_handlers[UART_4](uart_rx_buff[UART_4][0]);
                       }
                   }
               
                   if (DMA_UR4R_STA & 0x02) // 数据丢弃
                   {
                       DMA_UR4R_STA &= ~0x02;      // 清标志位
                       uart_rx_start_buff(UART_4); // 设置下一次接收，务必保留
                       // 如果进入了这个中断，则代表UART的数据在没有取走之前被覆盖!
                       // 如果进入了这个中断，则代表UART的数据在没有取走之前被覆盖!
                       // 如果进入了这个中断，则代表UART的数据在没有取走之前被覆盖!
                   }
               }
               
               
               void DMA_UART5_IRQHandler(void) interrupt DMA_UR5R_VECTOR
               {
                   if (DMA_UR5R_STA & 0x01) // 接收完成
                   {
                       DMA_UR5R_STA &= ~0x01;      // 清标志位
                       uart_rx_start_buff(UART_5); // 设置下一次接收，务必保留
               
                       if (uart_rx_handlers[UART_5] != NULL)
                       {
                           uart_rx_handlers[UART_5](uart_rx_buff[UART_5][0]);
                       }
                   }
               
                   if (DMA_UR5R_STA & 0x02) // 数据丢弃
                   {
                       DMA_UR5R_STA &= ~0x02;      // 清标志位
                       uart_rx_start_buff(UART_5); // 设置下一次接收，务必保留
                       // 如果进入了这个中断，则代表UART的数据在没有取走之前被覆盖!
                       // 如果进入了这个中断，则代表UART的数据在没有取走之前被覆盖!
                       // 如果进入了这个中断，则代表UART的数据在没有取走之前被覆盖!
                   }
               }
               
               void DMA_UART6_IRQHandler(void) interrupt DMA_UR6R_VECTOR
               {
                   if (DMA_UR6R_STA & 0x01) // 接收完成
                   {
                       DMA_UR6R_STA &= ~0x01;      // 清标志位
                       uart_rx_start_buff(UART_6); // 设置下一次接收，务必保留
               
                       if (uart_rx_handlers[UART_6] != NULL)
                       {
                           uart_rx_handlers[UART_6](uart_rx_buff[UART_6][0]);
                       }
                   }
               
                   if (DMA_UR6R_STA & 0x02) // 数据丢弃
C251 COMPILER V5.60.0,  isr                                                                29/03/26  22:28:10  PAGE 4   

                   {
                       DMA_UR6R_STA &= ~0x02;      // 清标志位
                       uart_rx_start_buff(UART_6); // 设置下一次接收，务必保留
                       // 如果进入了这个中断，则代表UART的数据在没有取走之前被覆盖!
                       // 如果进入了这个中断，则代表UART的数据在没有取走之前被覆盖!
                       // 如果进入了这个中断，则代表UART的数据在没有取走之前被覆盖!
                   }
               }
               
               void DMA_UART7_IRQHandler(void) interrupt DMA_UR7R_VECTOR
               {
                   if (DMA_UR7R_STA & 0x01) // 接收完成
                   {
                       DMA_UR7R_STA &= ~0x01;      // 清标志位
                       uart_rx_start_buff(UART_7); // 设置下一次接收，务必保留
               
                       if (uart_rx_handlers[UART_7] != NULL)
                       {
                           uart_rx_handlers[UART_7](uart_rx_buff[UART_7][0]);
                       }
                   }
               
                   if (DMA_UR7R_STA & 0x02) // 数据丢弃
                   {
                       DMA_UR7R_STA &= ~0x02;      // 清标志位
                       uart_rx_start_buff(UART_7); // 设置下一次接收，务必保留
                       // 如果进入了这个中断，则代表UART的数据在没有取走之前被覆盖!
                       // 如果进入了这个中断，则代表UART的数据在没有取走之前被覆盖!
                       // 如果进入了这个中断，则代表UART的数据在没有取走之前被覆盖!
                   }
               }
               
               void DMA_UART8_IRQHandler(void) interrupt DMA_UR8R_VECTOR
               {
                   if (DMA_UR8R_STA & 0x01) // 接收完成
                   {
                       DMA_UR8R_STA &= ~0x01;      // 清标志位
                       uart_rx_start_buff(UART_8); // 设置下一次接收，务必保留
               
                       if (uart_rx_handlers[UART_8] != NULL)
                       {
                           uart_rx_handlers[UART_8](uart_rx_buff[UART_8][0]);
                       }
                   }
               
                   if (DMA_UR8R_STA & 0x02) // 数据丢弃
                   {
                       DMA_UR8R_STA &= ~0x02;      // 清标志位
                       uart_rx_start_buff(UART_8); // 设置下一次接收，务必保留
                       // 如果进入了这个中断，则代表UART的数据在没有取走之前被覆盖!
                       // 如果进入了这个中断，则代表UART的数据在没有取走之前被覆盖!
                       // 如果进入了这个中断，则代表UART的数据在没有取走之前被覆盖!
                   }
               }
               
               
               
               #endif
  245          
  246          void TM0_IRQHandler() interrupt TMR0_VECTOR
  247          {
  248   1          TIM0_CLEAR_FLAG;
  249   1          if (tim_irq_handlers[TIM_0] != NULL)
  250   1          {
  251   2              tim_irq_handlers[TIM_0]();
  252   2          }
C251 COMPILER V5.60.0,  isr                                                                29/03/26  22:28:10  PAGE 5   

  253   1      }
  254          
  255          #if 0
               // 当前主程序只实际初始化了 TIM0_PIT，看门狗节拍走 TIM0。
               // 其余这些定时器中断在这份车模程序里没有启用，先统一屏蔽掉。
               void TM1_IRQHandler() interrupt TMR1_VECTOR
               {
                   TIM1_CLEAR_FLAG;
                   if (tim_irq_handlers[TIM_1] != NULL)
                   {
                       tim_irq_handlers[TIM_1]();
                   }
               }
               
               void TM2_IRQHandler() interrupt TMR2_VECTOR
               {
                   TIM2_CLEAR_FLAG;
                   if (tim_irq_handlers[TIM_2] != NULL)
                   {
                       tim_irq_handlers[TIM_2]();
                   }
               }
               
               void TM3_IRQHandler() interrupt TMR3_VECTOR
               {
                   TIM3_CLEAR_FLAG;
                   if (tim_irq_handlers[TIM_3] != NULL)
                   {
                       tim_irq_handlers[TIM_3]();
                   }
               }
               
               void TM4_IRQHandler() interrupt TMR4_VECTOR
               {
                   TIM4_CLEAR_FLAG;
                   if (tim_irq_handlers[TIM_4] != NULL)
                   {
                       tim_irq_handlers[TIM_4]();
                   }
               }
               
               void TM5_TM6_IRQHandler() interrupt TMR5_TMR6_VECTOR
               {
                   if(TIM5_GET_FLAG)
                   {
                       TIM5_CLEAR_FLAG;
                       if (tim_irq_handlers[TIM_5] != NULL)
                       {
                           tim_irq_handlers[TIM_5]();
                       }
                   }
                   
                   if(TIM6_GET_FLAG)
                   {
                       TIM6_CLEAR_FLAG;
                       if (tim_irq_handlers[TIM_6] != NULL)
                       {
                           tim_irq_handlers[TIM_6]();
                       }
                   }
               }
               
               void TM7_IRQHandler() interrupt TMR7_TMR8_VECTOR
               {
                   if(TIM7_GET_FLAG)
                   {
C251 COMPILER V5.60.0,  isr                                                                29/03/26  22:28:10  PAGE 6   

                       TIM7_CLEAR_FLAG;
                       if (tim_irq_handlers[TIM_7] != NULL)
                       {
                           tim_irq_handlers[TIM_7]();
                       }
                   }
                   
                   if(TIM8_GET_FLAG)
                   {
                       TIM8_CLEAR_FLAG;
                       if (tim_irq_handlers[TIM_8] != NULL)
                       {
                           tim_irq_handlers[TIM_8]();
                       }
                   }
               }
               
               
               void TM9_TM10_IRQHandler() interrupt TMR9_TMR10_VECTOR
               {
                   if(TIM9_GET_FLAG)
                   {
                       TIM9_CLEAR_FLAG;
                       if (tim_irq_handlers[TIM_9] != NULL)
                       {
                           tim_irq_handlers[TIM_9]();
                       }
                   }
                   
                   if(TIM10_GET_FLAG)
                   {
                       TIM10_CLEAR_FLAG;
                       if (tim_irq_handlers[TIM_10] != NULL)
                       {
                           tim_irq_handlers[TIM_10]();
                       }
                   }
               }
               
               
               
               void TM11_IRQHandler() interrupt TMR11_VECTOR
               {
                   TIM11_CLEAR_FLAG;
               
                   if (tim_irq_handlers[TIM_11] != NULL)
                   {
                       tim_irq_handlers[TIM_11]();
                   }
               }
               
               void TM17_TM18_IRQHandler() interrupt TMR17_TMR18_VECTOR
               {
                   if(TIM17_GET_FLAG)
                   {
                       TIM17_CLEAR_FLAG;
                       if (tim_irq_handlers[TIM_17] != NULL)
                       {
                           tim_irq_handlers[TIM_17]();
                       }
                   }
                   
                   if(TIM18_GET_FLAG)
                   {
                       TIM18_CLEAR_FLAG;
                       if (tim_irq_handlers[TIM_18] != NULL)
C251 COMPILER V5.60.0,  isr                                                                29/03/26  22:28:10  PAGE 7   

                       {
                           tim_irq_handlers[TIM_18]();
                       }
                   }
               }
               
               
               #endif
  393          
  394          void INT1_IRQHandler() interrupt INT1_VECTOR
  395          {
  396   1      //    if(mt9v03x_finish_flag == 1)
  397   1      //    {
  398   1      //        return;
  399   1      //    }
  400   1          mt9v03x_vsync_handler();
  401   1      }
  402          
  403          
  404          #if 0
               // 摄像头 DMA 完成现在改为在 main 主循环里轮询 DMA_LCM_STA，
               // 这里不再使用高号 DMA_LCM 中断，避免 Keil C251 的 interrupt 向量范围限制。
               void DMA_LCM_IRQHandler() interrupt DMA_LCM_VECTOR
               {
                   mt9v03x_dma_handler();
               }
               
               
               
               
               
               
               #endif
  418          
  419          //#define     INT0_VECTOR             0       //0003H
  420          //#define     TMR0_VECTOR             1       //000BH
  421          //#define     INT1_VECTOR             2       //0013H
  422          //#define     TMR1_VECTOR             3       //001BH
  423          //#define     UART1_VECTOR            4       //0023H
  424          //#define     ADC_VECTOR              5       //002BH
  425          //#define     LVD_VECTOR              6       //0033H
  426          ////#define   PCA_VECTOR              7       //003BH
  427          //#define     UART2_VECTOR            8       //0043H
  428          //#define     SPI_VECTOR              9       //004BH
  429          //#define     INT2_VECTOR             10      //0053H
  430          //#define     INT3_VECTOR             11      //005BH
  431          //#define     TMR2_VECTOR             12      //0063H
  432          //#define     USER_VECTOR             13      //006BH
  433          //#define     BRK_VECTOR              14      //0073H
  434          //#define     ICEP_VECTOR             15      //007BH
  435          //#define     INT4_VECTOR             16      //0083H
  436          //#define     UART3_VECTOR            17      //008BH
  437          //#define     UART4_VECTOR            18      //0093H
  438          //#define     TMR3_VECTOR             19      //009BH
  439          //#define     TMR4_VECTOR             20      //00A3H
  440          //#define     CMP_VECTOR              21      //00ABH
  441          ////#define   PWM_VECTOR              22      //00B3H
  442          ////#define   PWMFD_VECTOR            23      //00BBH
  443          //#define     I2C_VECTOR              24      //00C3H
  444          //#define     USB_VECTOR              25      //00CBH
  445          //#define     PWMA_VECTOR             26      //00D3H
  446          //#define     PWMB_VECTOR             27      //00DBH
  447          //#define     CAN1_VECTOR             28      //00E3H
  448          //#define     CAN2_VECTOR             29      //00EBH
  449          //#define     LIN_VECTOR              30      //00F3H
  450          
C251 COMPILER V5.60.0,  isr                                                                29/03/26  22:28:10  PAGE 8   

  451          //#define     RTC_VECTOR              36      //0123H
  452          //#define     P0INT_VECTOR            37      //012BH
  453          //#define     P1INT_VECTOR            38      //0133H
  454          //#define     P2INT_VECTOR            39      //013BH
  455          //#define     P3INT_VECTOR            40      //0143H
  456          //#define     P4INT_VECTOR            41      //014BH
  457          //#define     P5INT_VECTOR            42      //0153H
  458          //#define     P6INT_VECTOR            43      //015BH
  459          //#define     P7INT_VECTOR            44      //0163H
  460          //#define     DMA_M2M_VECTOR          47      //017BH
  461          //#define     DMA_ADC_VECTOR          48      //0183H
  462          //#define     DMA_SPI_VECTOR          49      //018BH
  463          //#define     DMA_UR1T_VECTOR         50      //0193H
  464          //#define     DMA_UR1R_VECTOR         51      //019BH
  465          //#define     DMA_UR2T_VECTOR         52      //01A3H
  466          //#define     DMA_UR2R_VECTOR         53      //01ABH
  467          //#define     DMA_UR3T_VECTOR         54      //01B3H
  468          //#define     DMA_UR3R_VECTOR         55      //01BBH
  469          //#define     DMA_UR4T_VECTOR         56      //01C3H
  470          //#define     DMA_UR4R_VECTOR         57      //01CBH
  471          //#define     DMA_LCM_VECTOR          58      //01D3H
  472          //#define     LCM_VECTOR              59      //01DBH
  473          //#define     DMA_I2CT_VECTOR         60      //01E3H
  474          //#define     DMA_I2CR_VECTOR         61      //01EBH
  475          //#define     I2S_VECTOR              62      //01F3H
  476          //#define     DMA_I2ST_VECTOR         63      //01FBH
  477          //#define     DMA_I2SR_VECTOR         64      //0203H
  478          
  479          


Module Information          Static   Overlayable
------------------------------------------------
  code size            =         8     ------
  ecode size           =       115     ------
  data size            =    ------     ------
  idata size           =    ------     ------
  pdata size           =    ------     ------
  xdata size           =    ------     ------
  xdata-const size     =    ------     ------
  edata size           =    ------     ------
  bit size             =    ------     ------
  ebit size            =    ------     ------
  bitaddressable size  =    ------     ------
  ebitaddressable size =    ------     ------
  far data size        =    ------     ------
  huge data size       =    ------     ------
  const size           =    ------     ------
  hconst size          =    ------     ------
End of Module Information.


C251 COMPILATION COMPLETE.  0 WARNING(S),  0 ERROR(S)
